
* Started at 2026-09-18T07:10:33.894124Z

* Settings
Project dir: /Users/Sebastian.Sellmair/JetBrainsProjects/kotlinx.coroutines
Output dir: /Users/Sebastian.Sellmair/JetBrainsProjects/kotlinx.coroutines/benchmark-out
Profiler: none
Benchmark: true
Versions: []
Gradle User Home: /Users/Sebastian.Sellmair/JetBrainsProjects/kotlinx.coroutines/gradle-user-home
Targets: [idea-sync-cold-cold-cold]
Warm-ups: 1
Builds: 3

* Inspecting the build using its default Gradle version
Downloading file:/Users/Sebastian.Sellmair/JetBrainsProjects/kotlinx.coroutines/gradle/wrapper/../../env/gradle/gradle-9.9.0-bin.zip
................................................................................................................................
Calculating task graph as no cached configuration is available for tasks: :help
> Task :buildSrc:checkKotlinCompilerVersion
> Task :buildSrc:checkKotlinGradlePluginConfigurationErrors SKIPPED
> Task :buildSrc:generateExternalPluginSpecBuilders
> Task :buildSrc:extractPrecompiledScriptPluginPlugins
> Task :buildSrc:generateScriptPluginAdapters
> Task :buildSrc:pluginDescriptors
> Task :buildSrc:processResources
> Task :buildSrc:compilePluginsBlocks
> Task :buildSrc:generatePrecompiledScriptPluginAccessors
> Task :buildSrc:compileKotlin
> Task :buildSrc:compileJava NO-SOURCE
> Task :buildSrc:compileGroovy NO-SOURCE
> Task :buildSrc:classes
> Task :buildSrc:jar
w: file:///Users/Sebastian.Sellmair/JetBrainsProjects/kotlinx.coroutines/kotlinx-coroutines-bom/build.gradle.kts:45:15: Suppression of error 'NULL_FOR_NONNULL_TYPE' might compile and work, but the compiler behavior is UNSPECIFIED and WILL NOT BE PRESERVED. Please report your use case to the Kotlin issue tracker instead: https://kotl.in/issue

> Task :help

Welcome to Gradle 9.9.0-20260918071003+0000.

To run a build, run gradle <task> ...

To see a list of available tasks, run gradle tasks

To see more detail about a task, run gradle help --task <task>

To see a list of command-line options, run gradle --help

For more detail on using Gradle, see https://docs.gradle.org/9.9.0-20260918071003+0000/userguide/command_line_interface.html

For troubleshooting, visit https://help.gradle.org

[Incubating] Problems report is available at: file:///Users/Sebastian.Sellmair/JetBrainsProjects/kotlinx.coroutines/build/reports/problems/problems-report.html

Deprecated Gradle features were used in this build, making it incompatible with Gradle 10.

You can use '--warning-mode all' to show the individual deprecation warnings and determine if they come from your own scripts or plugins.

For more on this, please refer to https://docs.gradle.org/9.9.0-20260918071003+0000/userguide/command_line_interface.html#sec:command_line_warnings in the Gradle documentation.

BUILD SUCCESSFUL in 43s
11 actionable tasks: 11 executed
Configuration cache entry stored.

* Stopping daemons
Running command /Users/Sebastian.Sellmair/JetBrainsProjects/kotlinx.coroutines/gradle-user-home/wrapper/dists/gradle-9.9.0-bin/a6urkf1odb3il94l2pqayyhkp/gradle-9.9.0-20260918071003+0000/bin/gradle --stop --gradle-user-home /Users/Sebastian.Sellmair/JetBrainsProjects/kotlinx.coroutines/gradle-user-home

Welcome to Gradle 9.9.0-20260918071003+0000!

Stopping Daemon(s)
1 Daemon stopped

* Scenarios
Scenario: Sync: Cold Gradle User Home, Cold Gradle Daemon, Cold IntelliJ caches using Gradle 9.9.0-20260918071003+0000
  Gradle 9.9.0-20260918071003+0000 (/Users/Sebastian.Sellmair/JetBrainsProjects/kotlinx.coroutines/gradle-user-home/wrapper/dists/gradle-9.9.0-bin/a6urkf1odb3il94l2pqayyhkp/gradle-9.9.0-20260918071003+0000)
  Run using: IDE with clean cache before build with cold daemon
  Run: IDE sync
  Cleanup: do nothing
  Gradle args: []
  Build operations trace: false
  Build changes: [ClearGradleUserHomeMutator, ClearProjectCacheMutator(BUILD)]
  Warm-ups: 1
  Builds: 3

* Running scenario Sync: Cold Gradle User Home, Cold Gradle Daemon, Cold IntelliJ caches using Gradle 9.9.0-20260918071003+0000 (scenario 1/1)

* Stopping daemons
Running command /Users/Sebastian.Sellmair/JetBrainsProjects/kotlinx.coroutines/gradle-user-home/wrapper/dists/gradle-9.9.0-bin/a6urkf1odb3il94l2pqayyhkp/gradle-9.9.0-20260918071003+0000/bin/gradle --stop --gradle-user-home /Users/Sebastian.Sellmair/JetBrainsProjects/kotlinx.coroutines/gradle-user-home
No Gradle daemons are running.

* Build details
Gradle version: Gradle 9.9.0-20260918071003+0000
Java home: /Users/Sebastian.Sellmair/.sdkman/candidates/java/21.0.8-jbr
OS: mac os x aarch64 26.6.2
JVM args:
  -Xmx3g
  -Dfile.encoding=UTF-8
  -Duser.country=US
  -Duser.language=en
  -Duser.variant
  -Dorg.gradle.profiler.scenario=idea-sync-cold-cold-cold
Gradle args:
  --gradle-user-home
  /Users/Sebastian.Sellmair/JetBrainsProjects/kotlinx.coroutines/gradle-user-home
  -I
  /private/var/folders/bb/knlwqxjd1c3_f3wxjdtbw4rc0000gp/T/gradleProfiler6043671223612352245.gradle

* Running cleanup for warm-up build #1

* Stopping daemons
Running command /Users/Sebastian.Sellmair/JetBrainsProjects/kotlinx.coroutines/gradle-user-home/wrapper/dists/gradle-9.9.0-bin/a6urkf1odb3il94l2pqayyhkp/gradle-9.9.0-20260918071003+0000/bin/gradle --stop --gradle-user-home /Users/Sebastian.Sellmair/JetBrainsProjects/kotlinx.coroutines/gradle-user-home
No Gradle daemons are running.

* Running warm-up build #1
> Clearing Gradle User Home directory: '/Users/Sebastian.Sellmair/JetBrainsProjects/kotlinx.coroutines/gradle-user-home'
> Cleaning project .gradle cache: /Users/Sebastian.Sellmair/JetBrainsProjects/kotlinx.coroutines/.gradle
> Cleaning buildSrc .gradle cache: /Users/Sebastian.Sellmair/JetBrainsProjects/kotlinx.coroutines/buildSrc/.gradle


* Starting IntelliJ IDEA at /Users/Sebastian.Sellmair/Applications/IntelliJ IDEA.app
* Start command: /Users/Sebastian.Sellmair/Applications/IntelliJ IDEA.app/Contents/MacOS/idea
* Additional JVM args:
  -javaagent:/private/var/folders/bb/knlwqxjd1c3_f3wxjdtbw4rc0000gp/T/ide-agent4710880801686002721.jar=61444,/private/var/folders/bb/knlwqxjd1c3_f3wxjdtbw4rc0000gp/T/instrumentation-support13494101704770770270.jar
  --add-exports=java.base/jdk.internal.misc=ALL-UNNAMED
  -Xbootclasspath/a:/private/var/folders/bb/knlwqxjd1c3_f3wxjdtbw4rc0000gp/T/asm11562102283419795058.jar:/private/var/folders/bb/knlwqxjd1c3_f3wxjdtbw4rc0000gp/T/client-protocol618104557435924680.jar
  -Xms256m
  -Xmx4096m
  -Didea.gradle.distributionType=BUNDLED
  -Dgradle.profiler.startup.port=61442
  -Dgradle.profiler.port=61443
  -Didea.plugins.path=/Users/Sebastian.Sellmair/JetBrainsProjects/kotlinx.coroutines/idea-sandbox/plugins
  -Didea.config.path=/Users/Sebastian.Sellmair/JetBrainsProjects/kotlinx.coroutines/idea-sandbox/config
  -Didea.log.path=/Users/Sebastian.Sellmair/JetBrainsProjects/kotlinx.coroutines/idea-sandbox/logs
  -Didea.trust.all.projects=true
  -Didea.system.path=/Users/Sebastian.Sellmair/JetBrainsProjects/kotlinx.coroutines/idea-sandbox/system
  -Dexternal.system.auto.import.disabled=true
* Additional JVM args can be found at: /Users/Sebastian.Sellmair/JetBrainsProjects/kotlinx.coroutines/idea-sandbox/scenarioOptions/idea.vmoptions
* IDEA properties:
* IDEA properties can be found at: /Users/Sebastian.Sellmair/JetBrainsProjects/kotlinx.coroutines/idea-sandbox/scenarioOptions/idea.properties
* IntelliJ IDEA logs can be found at: /Users/Sebastian.Sellmair/JetBrainsProjects/kotlinx.coroutines/idea-sandbox/logs/idea.log
* Using command line: /Users/Sebastian.Sellmair/Applications/IntelliJ IDEA.app/Contents/MacOS/idea /Users/Sebastian.Sellmair/JetBrainsProjects/kotlinx.coroutines

Running command /Users/Sebastian.Sellmair/Applications/IntelliJ IDEA.app/Contents/MacOS/idea /Users/Sebastian.Sellmair/JetBrainsProjects/kotlinx.coroutines
PROFILER AGENT RUNNING
* Connected to controller process
* Cleaning IntelliJ IDEA cache, this will require a restart...


* Starting IntelliJ IDEA at /Users/Sebastian.Sellmair/Applications/IntelliJ IDEA.app
* Start command: /Users/Sebastian.Sellmair/Applications/IntelliJ IDEA.app/Contents/MacOS/idea
* Additional JVM args:
  -javaagent:/private/var/folders/bb/knlwqxjd1c3_f3wxjdtbw4rc0000gp/T/ide-agent4300084926393328133.jar=61471,/private/var/folders/bb/knlwqxjd1c3_f3wxjdtbw4rc0000gp/T/instrumentation-support2220223479741411548.jar
  --add-exports=java.base/jdk.internal.misc=ALL-UNNAMED
  -Xbootclasspath/a:/private/var/folders/bb/knlwqxjd1c3_f3wxjdtbw4rc0000gp/T/asm2118419234800872584.jar:/private/var/folders/bb/knlwqxjd1c3_f3wxjdtbw4rc0000gp/T/client-protocol10972904861773068873.jar
  -Xms256m
  -Xmx4096m
  -Didea.gradle.distributionType=BUNDLED
  -Dgradle.profiler.startup.port=61469
  -Dgradle.profiler.port=61470
  -Didea.plugins.path=/Users/Sebastian.Sellmair/JetBrainsProjects/kotlinx.coroutines/idea-sandbox/plugins
  -Didea.config.path=/Users/Sebastian.Sellmair/JetBrainsProjects/kotlinx.coroutines/idea-sandbox/config
  -Didea.log.path=/Users/Sebastian.Sellmair/JetBrainsProjects/kotlinx.coroutines/idea-sandbox/logs
  -Didea.trust.all.projects=true
  -Didea.system.path=/Users/Sebastian.Sellmair/JetBrainsProjects/kotlinx.coroutines/idea-sandbox/system
  -Dexternal.system.auto.import.disabled=true
* Additional JVM args can be found at: /Users/Sebastian.Sellmair/JetBrainsProjects/kotlinx.coroutines/idea-sandbox/scenarioOptions/idea.vmoptions
* IDEA properties:
* IDEA properties can be found at: /Users/Sebastian.Sellmair/JetBrainsProjects/kotlinx.coroutines/idea-sandbox/scenarioOptions/idea.properties
* IntelliJ IDEA logs can be found at: /Users/Sebastian.Sellmair/JetBrainsProjects/kotlinx.coroutines/idea-sandbox/logs/idea.log
* Using command line: /Users/Sebastian.Sellmair/Applications/IntelliJ IDEA.app/Contents/MacOS/idea /Users/Sebastian.Sellmair/JetBrainsProjects/kotlinx.coroutines

Running command /Users/Sebastian.Sellmair/Applications/IntelliJ IDEA.app/Contents/MacOS/idea /Users/Sebastian.Sellmair/JetBrainsProjects/kotlinx.coroutines
PROFILER AGENT RUNNING
* Connected to controller process
* Running sync in IntelliJ IDEA...
* Sent sync request
* Sync has started, waiting for it to complete...
* Injecting support classes from /private/var/folders/bb/knlwqxjd1c3_f3wxjdtbw4rc0000gp/T/instrumentation-support2220223479741411548.jar
* Instrumenting GradleConnector
* Creating project connection
* Using Gradle home: /Users/Sebastian.Sellmair/JetBrainsProjects/kotlinx.coroutines/gradle-user-home/wrapper/dists/gradle-9.9.0-bin/a6urkf1odb3il94l2pqayyhkp/gradle-9.9.0-20260918071003+0000
* Instrumenting GradleConnector
* Instrumenting BuildExecuter
* Starting tooling API operation org.gradle.tooling.internal.consumer.DefaultPhasedBuildActionExecuter@42beabb5
* Gradle invocation 1 has started, waiting for it to complete...
* Using Gradle args: [--gradle-user-home, /Users/Sebastian.Sellmair/JetBrainsProjects/kotlinx.coroutines/gradle-user-home, -I, /private/var/folders/bb/knlwqxjd1c3_f3wxjdtbw4rc0000gp/T/gradleProfiler6043671223612352245.gradle]
* Using JVM args: [-Xmx3g, -Dfile.encoding=UTF-8, -Duser.country=US, -Duser.language=en, -Duser.variant, -Dorg.gradle.profiler.scenario=idea-sync-cold-cold-cold, -Dorg.gradle.profiler.phase=WARM_UP, -Dorg.gradle.profiler.phase.display.name=warm-up, -Dorg.gradle.profiler.number=1, -Dorg.gradle.profiler.step=BUILD]
OPERATION COMPLETE: null
* Gradle invocation 1 has completed in: 85154ms
* Full Gradle execution time: 85154ms
* Full IntelliJ IDEA execution time: 16054ms
* Full sync has completed in: 101208ms and it SUCCEEDED
Used daemon with pid 38955
Execution time 101208 ms

* Using args for instrumented builds:

* Running cleanup for measured build #1

* Stopping daemons
Running command /Users/Sebastian.Sellmair/JetBrainsProjects/kotlinx.coroutines/gradle-user-home/wrapper/dists/gradle-9.9.0-bin/a6urkf1odb3il94l2pqayyhkp/gradle-9.9.0-20260918071003+0000/bin/gradle --stop --gradle-user-home /Users/Sebastian.Sellmair/JetBrainsProjects/kotlinx.coroutines/gradle-user-home

Welcome to Gradle 9.9.0-20260918071003+0000!

Stopping Daemon(s)
1 Daemon stopped

* Running measured build #1
> Clearing Gradle User Home directory: '/Users/Sebastian.Sellmair/JetBrainsProjects/kotlinx.coroutines/gradle-user-home'
> Cleaning project .gradle cache: /Users/Sebastian.Sellmair/JetBrainsProjects/kotlinx.coroutines/.gradle
> Cleaning buildSrc .gradle cache: /Users/Sebastian.Sellmair/JetBrainsProjects/kotlinx.coroutines/buildSrc/.gradle
* Cleaning IntelliJ IDEA cache, this will require a restart...


* Starting IntelliJ IDEA at /Users/Sebastian.Sellmair/Applications/IntelliJ IDEA.app
* Start command: /Users/Sebastian.Sellmair/Applications/IntelliJ IDEA.app/Contents/MacOS/idea
* Additional JVM args:
  -javaagent:/private/var/folders/bb/knlwqxjd1c3_f3wxjdtbw4rc0000gp/T/ide-agent489168968744906985.jar=61902,/private/var/folders/bb/knlwqxjd1c3_f3wxjdtbw4rc0000gp/T/instrumentation-support9707683729606527311.jar
  --add-exports=java.base/jdk.internal.misc=ALL-UNNAMED
  -Xbootclasspath/a:/private/var/folders/bb/knlwqxjd1c3_f3wxjdtbw4rc0000gp/T/asm12067309392047553226.jar:/private/var/folders/bb/knlwqxjd1c3_f3wxjdtbw4rc0000gp/T/client-protocol1987484258037105909.jar
  -Xms256m
  -Xmx4096m
  -Didea.gradle.distributionType=BUNDLED
  -Dgradle.profiler.startup.port=61900
  -Dgradle.profiler.port=61901
  -Didea.plugins.path=/Users/Sebastian.Sellmair/JetBrainsProjects/kotlinx.coroutines/idea-sandbox/plugins
  -Didea.config.path=/Users/Sebastian.Sellmair/JetBrainsProjects/kotlinx.coroutines/idea-sandbox/config
  -Didea.log.path=/Users/Sebastian.Sellmair/JetBrainsProjects/kotlinx.coroutines/idea-sandbox/logs
  -Didea.trust.all.projects=true
  -Didea.system.path=/Users/Sebastian.Sellmair/JetBrainsProjects/kotlinx.coroutines/idea-sandbox/system
  -Dexternal.system.auto.import.disabled=true
* Additional JVM args can be found at: /Users/Sebastian.Sellmair/JetBrainsProjects/kotlinx.coroutines/idea-sandbox/scenarioOptions/idea.vmoptions
* IDEA properties:
* IDEA properties can be found at: /Users/Sebastian.Sellmair/JetBrainsProjects/kotlinx.coroutines/idea-sandbox/scenarioOptions/idea.properties
* IntelliJ IDEA logs can be found at: /Users/Sebastian.Sellmair/JetBrainsProjects/kotlinx.coroutines/idea-sandbox/logs/idea.log
* Using command line: /Users/Sebastian.Sellmair/Applications/IntelliJ IDEA.app/Contents/MacOS/idea /Users/Sebastian.Sellmair/JetBrainsProjects/kotlinx.coroutines

Running command /Users/Sebastian.Sellmair/Applications/IntelliJ IDEA.app/Contents/MacOS/idea /Users/Sebastian.Sellmair/JetBrainsProjects/kotlinx.coroutines
PROFILER AGENT RUNNING
* Connected to controller process
* Running sync in IntelliJ IDEA...
* Sent sync request
* Sync has started, waiting for it to complete...
* Injecting support classes from /private/var/folders/bb/knlwqxjd1c3_f3wxjdtbw4rc0000gp/T/instrumentation-support9707683729606527311.jar
* Instrumenting GradleConnector
* Creating project connection
* Using Gradle home: /Users/Sebastian.Sellmair/JetBrainsProjects/kotlinx.coroutines/gradle-user-home/wrapper/dists/gradle-9.9.0-bin/a6urkf1odb3il94l2pqayyhkp/gradle-9.9.0-20260918071003+0000
* Instrumenting GradleConnector
* Instrumenting BuildExecuter
* Starting tooling API operation org.gradle.tooling.internal.consumer.DefaultPhasedBuildActionExecuter@68639aaa
* Gradle invocation 1 has started, waiting for it to complete...
* Using Gradle args: [--gradle-user-home, /Users/Sebastian.Sellmair/JetBrainsProjects/kotlinx.coroutines/gradle-user-home, -I, /private/var/folders/bb/knlwqxjd1c3_f3wxjdtbw4rc0000gp/T/gradleProfiler6043671223612352245.gradle]
* Using JVM args: [-Xmx3g, -Dfile.encoding=UTF-8, -Duser.country=US, -Duser.language=en, -Duser.variant, -Dorg.gradle.profiler.scenario=idea-sync-cold-cold-cold, -Dorg.gradle.profiler.phase=MEASURE, -Dorg.gradle.profiler.phase.display.name=measured, -Dorg.gradle.profiler.number=1, -Dorg.gradle.profiler.step=BUILD]
OPERATION COMPLETE: null
* Gradle invocation 1 has completed in: 86599ms
* Full Gradle execution time: 86599ms
* Full IntelliJ IDEA execution time: 16150ms
* Full sync has completed in: 102749ms and it SUCCEEDED
Used daemon with pid 39784
Execution time 102749 ms

* Running cleanup for measured build #2

* Stopping daemons
Running command /Users/Sebastian.Sellmair/JetBrainsProjects/kotlinx.coroutines/gradle-user-home/wrapper/dists/gradle-9.9.0-bin/a6urkf1odb3il94l2pqayyhkp/gradle-9.9.0-20260918071003+0000/bin/gradle --stop --gradle-user-home /Users/Sebastian.Sellmair/JetBrainsProjects/kotlinx.coroutines/gradle-user-home

Welcome to Gradle 9.9.0-20260918071003+0000!

Stopping Daemon(s)
1 Daemon stopped

* Running measured build #2
> Clearing Gradle User Home directory: '/Users/Sebastian.Sellmair/JetBrainsProjects/kotlinx.coroutines/gradle-user-home'
> Cleaning project .gradle cache: /Users/Sebastian.Sellmair/JetBrainsProjects/kotlinx.coroutines/.gradle
> Cleaning buildSrc .gradle cache: /Users/Sebastian.Sellmair/JetBrainsProjects/kotlinx.coroutines/buildSrc/.gradle
* Cleaning IntelliJ IDEA cache, this will require a restart...


* Starting IntelliJ IDEA at /Users/Sebastian.Sellmair/Applications/IntelliJ IDEA.app
* Start command: /Users/Sebastian.Sellmair/Applications/IntelliJ IDEA.app/Contents/MacOS/idea
* Additional JVM args:
  -javaagent:/private/var/folders/bb/knlwqxjd1c3_f3wxjdtbw4rc0000gp/T/ide-agent11910279442414762801.jar=62346,/private/var/folders/bb/knlwqxjd1c3_f3wxjdtbw4rc0000gp/T/instrumentation-support2803847176435559179.jar
  --add-exports=java.base/jdk.internal.misc=ALL-UNNAMED
  -Xbootclasspath/a:/private/var/folders/bb/knlwqxjd1c3_f3wxjdtbw4rc0000gp/T/asm3707684076771452337.jar:/private/var/folders/bb/knlwqxjd1c3_f3wxjdtbw4rc0000gp/T/client-protocol17596830299429911477.jar
  -Xms256m
  -Xmx4096m
  -Didea.gradle.distributionType=BUNDLED
  -Dgradle.profiler.startup.port=62344
  -Dgradle.profiler.port=62345
  -Didea.plugins.path=/Users/Sebastian.Sellmair/JetBrainsProjects/kotlinx.coroutines/idea-sandbox/plugins
  -Didea.config.path=/Users/Sebastian.Sellmair/JetBrainsProjects/kotlinx.coroutines/idea-sandbox/config
  -Didea.log.path=/Users/Sebastian.Sellmair/JetBrainsProjects/kotlinx.coroutines/idea-sandbox/logs
  -Didea.trust.all.projects=true
  -Didea.system.path=/Users/Sebastian.Sellmair/JetBrainsProjects/kotlinx.coroutines/idea-sandbox/system
  -Dexternal.system.auto.import.disabled=true
* Additional JVM args can be found at: /Users/Sebastian.Sellmair/JetBrainsProjects/kotlinx.coroutines/idea-sandbox/scenarioOptions/idea.vmoptions
* IDEA properties:
* IDEA properties can be found at: /Users/Sebastian.Sellmair/JetBrainsProjects/kotlinx.coroutines/idea-sandbox/scenarioOptions/idea.properties
* IntelliJ IDEA logs can be found at: /Users/Sebastian.Sellmair/JetBrainsProjects/kotlinx.coroutines/idea-sandbox/logs/idea.log
* Using command line: /Users/Sebastian.Sellmair/Applications/IntelliJ IDEA.app/Contents/MacOS/idea /Users/Sebastian.Sellmair/JetBrainsProjects/kotlinx.coroutines

Running command /Users/Sebastian.Sellmair/Applications/IntelliJ IDEA.app/Contents/MacOS/idea /Users/Sebastian.Sellmair/JetBrainsProjects/kotlinx.coroutines
PROFILER AGENT RUNNING
* Connected to controller process
* Running sync in IntelliJ IDEA...
* Sent sync request
* Sync has started, waiting for it to complete...
* Injecting support classes from /private/var/folders/bb/knlwqxjd1c3_f3wxjdtbw4rc0000gp/T/instrumentation-support2803847176435559179.jar
* Instrumenting GradleConnector
* Creating project connection
* Using Gradle home: /Users/Sebastian.Sellmair/JetBrainsProjects/kotlinx.coroutines/gradle-user-home/wrapper/dists/gradle-9.9.0-bin/a6urkf1odb3il94l2pqayyhkp/gradle-9.9.0-20260918071003+0000
* Instrumenting GradleConnector
* Instrumenting BuildExecuter
* Starting tooling API operation org.gradle.tooling.internal.consumer.DefaultPhasedBuildActionExecuter@72a70f8c
* Gradle invocation 1 has started, waiting for it to complete...
* Using Gradle args: [--gradle-user-home, /Users/Sebastian.Sellmair/JetBrainsProjects/kotlinx.coroutines/gradle-user-home, -I, /private/var/folders/bb/knlwqxjd1c3_f3wxjdtbw4rc0000gp/T/gradleProfiler6043671223612352245.gradle]
* Using JVM args: [-Xmx3g, -Dfile.encoding=UTF-8, -Duser.country=US, -Duser.language=en, -Duser.variant, -Dorg.gradle.profiler.scenario=idea-sync-cold-cold-cold, -Dorg.gradle.profiler.phase=MEASURE, -Dorg.gradle.profiler.phase.display.name=measured, -Dorg.gradle.profiler.number=2, -Dorg.gradle.profiler.step=BUILD]
OPERATION COMPLETE: null
* Gradle invocation 1 has completed in: 87017ms
* Full Gradle execution time: 87017ms
* Full IntelliJ IDEA execution time: 15340ms
* Full sync has completed in: 102357ms and it SUCCEEDED
Used daemon with pid 40351
Execution time 102357 ms

* Running cleanup for measured build #3

* Stopping daemons
Running command /Users/Sebastian.Sellmair/JetBrainsProjects/kotlinx.coroutines/gradle-user-home/wrapper/dists/gradle-9.9.0-bin/a6urkf1odb3il94l2pqayyhkp/gradle-9.9.0-20260918071003+0000/bin/gradle --stop --gradle-user-home /Users/Sebastian.Sellmair/JetBrainsProjects/kotlinx.coroutines/gradle-user-home

Welcome to Gradle 9.9.0-20260918071003+0000!

Stopping Daemon(s)
1 Daemon stopped

* Running measured build #3
> Clearing Gradle User Home directory: '/Users/Sebastian.Sellmair/JetBrainsProjects/kotlinx.coroutines/gradle-user-home'
> Cleaning project .gradle cache: /Users/Sebastian.Sellmair/JetBrainsProjects/kotlinx.coroutines/.gradle
> Cleaning buildSrc .gradle cache: /Users/Sebastian.Sellmair/JetBrainsProjects/kotlinx.coroutines/buildSrc/.gradle
* Cleaning IntelliJ IDEA cache, this will require a restart...


* Starting IntelliJ IDEA at /Users/Sebastian.Sellmair/Applications/IntelliJ IDEA.app
* Start command: /Users/Sebastian.Sellmair/Applications/IntelliJ IDEA.app/Contents/MacOS/idea
* Additional JVM args:
  -javaagent:/private/var/folders/bb/knlwqxjd1c3_f3wxjdtbw4rc0000gp/T/ide-agent11631002528694919847.jar=62786,/private/var/folders/bb/knlwqxjd1c3_f3wxjdtbw4rc0000gp/T/instrumentation-support11726982707247650930.jar
  --add-exports=java.base/jdk.internal.misc=ALL-UNNAMED
  -Xbootclasspath/a:/private/var/folders/bb/knlwqxjd1c3_f3wxjdtbw4rc0000gp/T/asm11798870908943339393.jar:/private/var/folders/bb/knlwqxjd1c3_f3wxjdtbw4rc0000gp/T/client-protocol5767381225414915561.jar
  -Xms256m
  -Xmx4096m
  -Didea.gradle.distributionType=BUNDLED
  -Dgradle.profiler.startup.port=62784
  -Dgradle.profiler.port=62785
  -Didea.plugins.path=/Users/Sebastian.Sellmair/JetBrainsProjects/kotlinx.coroutines/idea-sandbox/plugins
  -Didea.config.path=/Users/Sebastian.Sellmair/JetBrainsProjects/kotlinx.coroutines/idea-sandbox/config
  -Didea.log.path=/Users/Sebastian.Sellmair/JetBrainsProjects/kotlinx.coroutines/idea-sandbox/logs
  -Didea.trust.all.projects=true
  -Didea.system.path=/Users/Sebastian.Sellmair/JetBrainsProjects/kotlinx.coroutines/idea-sandbox/system
  -Dexternal.system.auto.import.disabled=true
* Additional JVM args can be found at: /Users/Sebastian.Sellmair/JetBrainsProjects/kotlinx.coroutines/idea-sandbox/scenarioOptions/idea.vmoptions
* IDEA properties:
* IDEA properties can be found at: /Users/Sebastian.Sellmair/JetBrainsProjects/kotlinx.coroutines/idea-sandbox/scenarioOptions/idea.properties
* IntelliJ IDEA logs can be found at: /Users/Sebastian.Sellmair/JetBrainsProjects/kotlinx.coroutines/idea-sandbox/logs/idea.log
* Using command line: /Users/Sebastian.Sellmair/Applications/IntelliJ IDEA.app/Contents/MacOS/idea /Users/Sebastian.Sellmair/JetBrainsProjects/kotlinx.coroutines

Running command /Users/Sebastian.Sellmair/Applications/IntelliJ IDEA.app/Contents/MacOS/idea /Users/Sebastian.Sellmair/JetBrainsProjects/kotlinx.coroutines
PROFILER AGENT RUNNING
* Connected to controller process
* Running sync in IntelliJ IDEA...
* Sent sync request
* Sync has started, waiting for it to complete...
* Injecting support classes from /private/var/folders/bb/knlwqxjd1c3_f3wxjdtbw4rc0000gp/T/instrumentation-support11726982707247650930.jar
* Instrumenting GradleConnector
* Creating project connection
* Using Gradle home: /Users/Sebastian.Sellmair/JetBrainsProjects/kotlinx.coroutines/gradle-user-home/wrapper/dists/gradle-9.9.0-bin/a6urkf1odb3il94l2pqayyhkp/gradle-9.9.0-20260918071003+0000
* Instrumenting GradleConnector
* Instrumenting BuildExecuter
* Starting tooling API operation org.gradle.tooling.internal.consumer.DefaultPhasedBuildActionExecuter@615416bb
* Gradle invocation 1 has started, waiting for it to complete...
* Using Gradle args: [--gradle-user-home, /Users/Sebastian.Sellmair/JetBrainsProjects/kotlinx.coroutines/gradle-user-home, -I, /private/var/folders/bb/knlwqxjd1c3_f3wxjdtbw4rc0000gp/T/gradleProfiler6043671223612352245.gradle]
* Using JVM args: [-Xmx3g, -Dfile.encoding=UTF-8, -Duser.country=US, -Duser.language=en, -Duser.variant, -Dorg.gradle.profiler.scenario=idea-sync-cold-cold-cold, -Dorg.gradle.profiler.phase=MEASURE, -Dorg.gradle.profiler.phase.display.name=measured, -Dorg.gradle.profiler.number=3, -Dorg.gradle.profiler.step=BUILD]
OPERATION COMPLETE: null
* Gradle invocation 1 has completed in: 85340ms
* Full Gradle execution time: 85340ms
* Full IntelliJ IDEA execution time: 14898ms
* Full sync has completed in: 100238ms and it SUCCEEDED
Used daemon with pid 41071
Execution time 100238 ms
* Stopping IntelliJ IDEA....
* IntelliJ IDEA stopped.

* Stopping daemons
Running command /Users/Sebastian.Sellmair/JetBrainsProjects/kotlinx.coroutines/gradle-user-home/wrapper/dists/gradle-9.9.0-bin/a6urkf1odb3il94l2pqayyhkp/gradle-9.9.0-20260918071003+0000/bin/gradle --stop --gradle-user-home /Users/Sebastian.Sellmair/JetBrainsProjects/kotlinx.coroutines/gradle-user-home

Welcome to Gradle 9.9.0-20260918071003+0000!

No Gradle daemons are running.

* Results written to /Users/Sebastian.Sellmair/JetBrainsProjects/kotlinx.coroutines/benchmark-out
  /Users/Sebastian.Sellmair/JetBrainsProjects/kotlinx.coroutines/benchmark-out/benchmark.csv
  /Users/Sebastian.Sellmair/JetBrainsProjects/kotlinx.coroutines/benchmark-out/benchmark.html

